// Jest Snapshot v1, https://goo.gl/fbAQLP

exports[`<Content /> Makes query call and shows data 1`] = `
<div
  class="sc-chPdSV TliYb"
>
  <h1
    class="sc-bdVaJa gvZhOw"
    color="text"
  >
    Should i use the NPM library?
  </h1>
  <div
    class="sc-kgoBCf jDcGq"
  >
    <div
      class="sc-htoDjs bJvByQ"
    >
      <div
        class="sc-dnqmqq fpDMrV"
      >
        <h3
          class="sc-htpNat ctLKUJ"
          color="text"
          data-testid="title"
        >
          Search the npm package
        </h3>
      </div>
      <form
        data-testid="form"
      >
        <div
          class="sc-gzVnrw cQsWNL"
        >
          <input
            class="sc-bxivhb iuSYkE"
            name="name"
            placeholder="Package name"
            value=""
          />
          <input
            class="sc-bxivhb iuSYkE"
            name="owner"
            placeholder="Package owner"
            value=""
          />
        </div>
        <button
          class="sc-bZQynM hxnWGE"
          data-testid="action-button"
          disabled=""
          type="submit"
        >
          <p
            class="sc-ifAKCX fMakYv"
            color="muted"
            font-weight="500"
          >
            SEARCH PACKAGE
          </p>
        </button>
      </form>
    </div>
  </div>
  <div
    class="sc-kAzzGY hNDmZp"
  >
    <h2
      class="sc-bwzfXH fcawr"
      color="text"
    >
      <a
        class="sc-gZMcBi cPCvXL"
        href="https://lodash.com/"
        target="_blank"
      >
        lodash
      </a>
    </h2>
    <p
      class="sc-ifAKCX jDDZCo"
      color="text"
      font-weight="400"
    >
      A modern JavaScript utility library delivering modularity, performance, & extras.
    </p>
    <div
      class="sc-cSHVUG dCaUhE"
      data-testid="stat-container"
    >
      <div
        class="sc-jTzLTM ezEtjS"
      >
        <div
          class="sc-jzJRlG ibjRax sc-VigVT hPkoPu"
        >
          <svg
            class="sc-gqjmRU dxluif"
            color="rgb(23,195,123)"
            data-testid="svg-icon"
            height="18"
            width="24"
          >
            <path
              d="M7.42449 14.5737L2.42002 9.56926C1.86238 9.01162 0.975871 9.01162 0.418231 9.56926C-0.13941 10.1269 -0.13941 11.0134 0.418231 11.571L6.40929 17.5621C6.96693 18.1197 7.86774 18.1197 8.42538 17.5621L23.5818 2.42002C24.1394 1.86238 24.1394 0.975871 23.5818 0.418231C23.0241 -0.13941 22.1376 -0.13941 21.58 0.418231L7.42449 14.5737Z"
              data-testid="svg-icon-path"
            />
          </svg>
        </div>
        <h1
          class="sc-bdVaJa sc-fjdhpX eUeDvZ"
          color="primary"
          data-testid="stat-value"
        >
          1
        </h1>
        <p
          class="sc-ifAKCX dajiYn"
          color="muted"
          data-testid="stat-title"
          font-weight="400"
        >
          Open issues
        </p>
      </div>
      <div
        class="sc-jTzLTM ezEtjS"
      >
        <div
          class="sc-jzJRlG ibjRax sc-VigVT hPkoPu"
        >
          <svg
            class="sc-gqjmRU dxluif"
            color="rgb(23,195,123)"
            data-testid="svg-icon"
            height="18"
            width="24"
          >
            <path
              d="M7.42449 14.5737L2.42002 9.56926C1.86238 9.01162 0.975871 9.01162 0.418231 9.56926C-0.13941 10.1269 -0.13941 11.0134 0.418231 11.571L6.40929 17.5621C6.96693 18.1197 7.86774 18.1197 8.42538 17.5621L23.5818 2.42002C24.1394 1.86238 24.1394 0.975871 23.5818 0.418231C23.0241 -0.13941 22.1376 -0.13941 21.58 0.418231L7.42449 14.5737Z"
              data-testid="svg-icon-path"
            />
          </svg>
        </div>
        <h1
          class="sc-bdVaJa sc-fjdhpX eUeDvZ"
          color="primary"
          data-testid="stat-value"
        >
          3.8k
        </h1>
        <p
          class="sc-ifAKCX dajiYn"
          color="muted"
          data-testid="stat-title"
          font-weight="400"
        >
          Forks
        </p>
      </div>
      <div
        class="sc-jTzLTM ezEtjS"
      >
        <div
          class="sc-jzJRlG ibjRax sc-VigVT hPkoPu"
        >
          <svg
            class="sc-gqjmRU dxluif"
            color="rgb(23,195,123)"
            data-testid="svg-icon"
            height="18"
            width="24"
          >
            <path
              d="M7.42449 14.5737L2.42002 9.56926C1.86238 9.01162 0.975871 9.01162 0.418231 9.56926C-0.13941 10.1269 -0.13941 11.0134 0.418231 11.571L6.40929 17.5621C6.96693 18.1197 7.86774 18.1197 8.42538 17.5621L23.5818 2.42002C24.1394 1.86238 24.1394 0.975871 23.5818 0.418231C23.0241 -0.13941 22.1376 -0.13941 21.58 0.418231L7.42449 14.5737Z"
              data-testid="svg-icon-path"
            />
          </svg>
        </div>
        <h1
          class="sc-bdVaJa sc-fjdhpX eUeDvZ"
          color="primary"
          data-testid="stat-value"
        >
          36.5k
        </h1>
        <p
          class="sc-ifAKCX dajiYn"
          color="muted"
          data-testid="stat-title"
          font-weight="400"
        >
          Starred
        </p>
      </div>
      <div
        class="sc-jTzLTM ezEtjS"
      >
        <div
          class="sc-jzJRlG ibjRax sc-VigVT hPkoPu"
        >
          <svg
            class="sc-gqjmRU dxluif"
            color="rgb(23,195,123)"
            data-testid="svg-icon"
            height="18"
            width="24"
          >
            <path
              d="M7.42449 14.5737L2.42002 9.56926C1.86238 9.01162 0.975871 9.01162 0.418231 9.56926C-0.13941 10.1269 -0.13941 11.0134 0.418231 11.571L6.40929 17.5621C6.96693 18.1197 7.86774 18.1197 8.42538 17.5621L23.5818 2.42002C24.1394 1.86238 24.1394 0.975871 23.5818 0.418231C23.0241 -0.13941 22.1376 -0.13941 21.58 0.418231L7.42449 14.5737Z"
              data-testid="svg-icon-path"
            />
          </svg>
        </div>
        <h1
          class="sc-bdVaJa sc-fjdhpX eUeDvZ"
          color="primary"
          data-testid="stat-value"
        >
          862
        </h1>
        <p
          class="sc-ifAKCX dajiYn"
          color="muted"
          data-testid="stat-title"
          font-weight="400"
        >
          Watchers
        </p>
      </div>
    </div>
  </div>
</div>
`;
