// Jest Snapshot v1, https://goo.gl/fbAQLP

exports[`<SearchCard /> snapshot 1`] = `
<div
  class="sc-bxivhb fMKgrM"
>
  <h3
    class="sc-htpNat sc-ifAKCX bBRVin"
    color="muted"
    data-testid="stat-title"
  >
    lodash
  </h3>
  <h2
    class="sc-bwzfXH evpEzE"
    color="primary"
    data-testid="stat-value"
  >
    8
  </h2>
</div>
`;
